// Jest Snapshot v1, https://goo.gl/fbAQLP

exports[`renders Profile Mission Component correctly 1`] = `
<li
  className="profile__li"
>
  Thiacom
</li>
`;
